# JMH version: 1.37
# VM version: JDK 21.0.5, OpenJDK 64-Bit Server VM, 21.0.5+11-LTS
# VM invoker: /Users/merlijn/Library/Java/JavaVirtualMachines/corretto-21.0.5/Contents/Home/bin/java
# VM options: <none>
# Blackhole mode: compiler (auto-detected, use -Djmh.blackhole.autoDetect=false to disable)
# Warmup: 5 iterations, 10 s each
# Measurement: 5 iterations, 10 s each
# Timeout: 10 min per iteration
# Threads: 1 thread, will synchronize iterations
# Benchmark mode: Average time, time/op
# Benchmark: civictech.bench.micro.SmokeBenchmark.baseline

# Run progress: 0.00% complete, ETA 00:08:20
# Fork: 1 of 5
# Warmup Iteration   1: 
# Host CPU model: Apple M3 Max
# Host core count: 16
# Host OS: Mac OS X 26.6.2
3.939 ns/op
# Warmup Iteration   2: 3.951 ns/op
# Warmup Iteration   3: 3.937 ns/op
# Warmup Iteration   4: 4.007 ns/op
# Warmup Iteration   5: 3.949 ns/op
Iteration   1: 3.932 ns/op
Iteration   2: 3.934 ns/op
Iteration   3: 3.949 ns/op
Iteration   4: 3.924 ns/op
Iteration   5: 3.926 ns/op

# Run progress: 20.00% complete, ETA 00:06:41
# Fork: 2 of 5
# Warmup Iteration   1: 
# Host CPU model: Apple M3 Max
# Host core count: 16
# Host OS: Mac OS X 26.6.2
3.991 ns/op
# Warmup Iteration   2: 3.928 ns/op
# Warmup Iteration   3: 3.937 ns/op
# Warmup Iteration   4: 3.958 ns/op
# Warmup Iteration   5: 3.927 ns/op
Iteration   1: 3.931 ns/op
Iteration   2: 3.991 ns/op
Iteration   3: 4.250 ns/op
Iteration   4: 4.247 ns/op
Iteration   5: 4.219 ns/op

# Run progress: 40.00% complete, ETA 00:05:01
# Fork: 3 of 5
# Warmup Iteration   1: 
# Host CPU model: Apple M3 Max
# Host core count: 16
# Host OS: Mac OS X 26.6.2
4.040 ns/op
# Warmup Iteration   2: 4.089 ns/op
# Warmup Iteration   3: 3.989 ns/op
# Warmup Iteration   4: 3.951 ns/op
# Warmup Iteration   5: 3.998 ns/op
Iteration   1: 3.953 ns/op
Iteration   2: 3.932 ns/op
Iteration   3: 3.925 ns/op
Iteration   4: 3.938 ns/op
Iteration   5: 3.930 ns/op

# Run progress: 60.00% complete, ETA 00:03:20
# Fork: 4 of 5
# Warmup Iteration   1: 
# Host CPU model: Apple M3 Max
# Host core count: 16
# Host OS: Mac OS X 26.6.2
3.939 ns/op
# Warmup Iteration   2: 3.949 ns/op
# Warmup Iteration   3: 3.929 ns/op
# Warmup Iteration   4: 3.922 ns/op
# Warmup Iteration   5: 3.957 ns/op
Iteration   1: 3.927 ns/op
Iteration   2: 3.931 ns/op
Iteration   3: 3.954 ns/op
Iteration   4: 3.939 ns/op
Iteration   5: 3.965 ns/op

# Run progress: 80.00% complete, ETA 00:01:40
# Fork: 5 of 5
# Warmup Iteration   1: 
# Host CPU model: Apple M3 Max
# Host core count: 16
# Host OS: Mac OS X 26.6.2
3.961 ns/op
# Warmup Iteration   2: 3.938 ns/op
# Warmup Iteration   3: 3.947 ns/op
# Warmup Iteration   4: 3.943 ns/op
# Warmup Iteration   5: 3.943 ns/op
Iteration   1: 3.945 ns/op
Iteration   2: 3.948 ns/op
Iteration   3: 3.932 ns/op
Iteration   4: 3.941 ns/op
Iteration   5: 3.949 ns/op


Result "civictech.bench.micro.SmokeBenchmark.baseline":
  3.976 ±(99.9%) 0.075 ns/op [Average]
  (min, avg, max) = (3.924, 3.976, 4.250), stdev = 0.100
  CI (99.9%): [3.902, 4.051] (assumes normal distribution)


# Run complete. Total time: 00:08:21

REMEMBER: The numbers below are just data. To gain reusable insights, you need to follow up on
why the numbers are the way they are. Use profilers (see -prof, -lprof), design factorial
experiments, perform baseline and negative tests that provide experimental control, make sure
the benchmarking environment is safe on JVM/OS/HW level, ask for reviews from the domain experts.
Do not assume the numbers tell you what you want them to tell.

NOTE: Current JVM experimentally supports Compiler Blackholes, and they are in use. Please exercise
extra caution when trusting the results, look into the generated code to check the benchmark still
works, and factor in a small probability of new VM bugs. Additionally, while comparisons between
different JVMs are already problematic, the performance difference caused by different Blackhole
modes can be very significant. Please make sure you use the consistent Blackhole mode for comparisons.

Benchmark                Mode  Cnt  Score   Error  Units
SmokeBenchmark.baseline  avgt   25  3.976 ± 0.075  ns/op

Benchmark result is saved to /Users/merlijn/Documents/local-projects/computenet-worktrees/computenet-0nww/bench/series/runs/2026-08-25T23-49-22Z/smoke.csv
