
#### hand case: 3 classes, leader A=.60, B=.25, C=.15; claims: for A, A-over-B contrast, for C (leaf p=.5, s=.9)
 s = {'A': 0.68, 'B': 0.15, 'C': 0.17}  split s = {'A1': 0.34, 'A2': 0.34, 'B': 0.15, 'C': 0.17}
| claim | eM_w before/after | eM_hard before/after | eTV before/after | EVSI_log before/after | EVSI_01 before/after | P(flip) before/after |
|---|---|---|---|---|---|---|
| for A | 0.2384/0.0595 | 0.2498/0.0255 | 0.2822/0.2822 | 0.0566/0.0566 | 0.0000/0.0255 | 0.0000/0.5000 |
| A over B | 0.0481/0.0122 | 0.0433/0.0000 | 0.1002/0.1002 | 0.0112/0.0112 | 0.0000/0.0000 | 0.0000/0.0000 |
| for C | 0.2305/0.0545 | 0.2412/0.0188 | 0.2736/0.2736 | 0.0542/0.0542 | 0.0000/0.0188 | 0.0000/0.5000 |

#### K sweep 2..10, fixed evidence: leaves p=.6, s=.9: c1 for A; c2 against A (rules out A only); c3 A-over-B contrast; c4 for B. uniform prior
| K | claim | s_lead | eM_w | eM_hard | eTV | e|dH| | P(flip) | EVSI_log | EVSI_brier | EVSI_01 |
|---|---|---|---|---|---|---|---|---|---|---|
| 2 | for A | 0.500 | 0.2347 | 0.2347 | 0.2347 | 0.0279 | 0.4000 | 0.0279 | 0.0277 | 0.0862 |
| 2 | against A | 0.500 | 0.2347 | 0.2347 | 0.2347 | 0.0279 | 0.6000 | 0.0279 | 0.0277 | 0.1485 |
| 2 | A over B | 0.500 | 0.2347 | 0.2347 | 0.2347 | 0.0279 | 0.4000 | 0.0279 | 0.0277 | 0.0862 |
| 2 | for B | 0.500 | 0.2347 | 0.2347 | 0.2347 | 0.0279 | 0.6000 | 0.0279 | 0.0277 | 0.1485 |
| 3 | for A | 0.333 | 0.1258 | 0.1615 | 0.2154 | 0.0261 | 0.4000 | 0.0261 | 0.0177 | 0.0536 |
| 3 | against A | 0.333 | 0.0924 | 0.1534 | 0.2045 | 0.0240 | 0.6000 | 0.0240 | 0.0157 | 0.0915 |
| 3 | A over B | 0.333 | 0.0924 | 0.0619 | 0.2045 | 0.0240 | 0.4000 | 0.0240 | 0.0157 | 0.0619 |
| 3 | for B | 0.333 | 0.1258 | 0.1079 | 0.2154 | 0.0261 | 0.6000 | 0.0261 | 0.0177 | 0.1079 |
| 4 | for A | 0.250 | 0.0945 | 0.1237 | 0.1855 | 0.0227 | 0.4000 | 0.0227 | 0.0118 | 0.0389 |
| 4 | against A | 0.250 | 0.0648 | 0.1144 | 0.1716 | 0.0201 | 0.6000 | 0.0201 | 0.0098 | 0.0661 |
| 4 | A over B | 0.250 | 0.0648 | 0.0483 | 0.1716 | 0.0201 | 0.4000 | 0.0201 | 0.0098 | 0.0483 |
| 4 | for B | 0.250 | 0.0945 | 0.0848 | 0.1855 | 0.0227 | 0.6000 | 0.0227 | 0.0118 | 0.0848 |
| 5 | for A | 0.200 | 0.0759 | 0.1003 | 0.1605 | 0.0198 | 0.4000 | 0.0198 | 0.0084 | 0.0305 |
| 5 | against A | 0.200 | 0.0499 | 0.0913 | 0.1461 | 0.0171 | 0.6000 | 0.0171 | 0.0067 | 0.0517 |
| 5 | A over B | 0.200 | 0.0499 | 0.0396 | 0.1461 | 0.0171 | 0.4000 | 0.0171 | 0.0067 | 0.0396 |
| 5 | for B | 0.200 | 0.0759 | 0.0698 | 0.1605 | 0.0198 | 0.6000 | 0.0198 | 0.0084 | 0.0698 |
| 6 | for A | 0.167 | 0.0635 | 0.0844 | 0.1407 | 0.0174 | 0.4000 | 0.0174 | 0.0062 | 0.0251 |
| 6 | against A | 0.167 | 0.0406 | 0.0760 | 0.1267 | 0.0148 | 0.6000 | 0.0148 | 0.0049 | 0.0425 |
| 6 | A over B | 0.167 | 0.0406 | 0.0335 | 0.1267 | 0.0148 | 0.4000 | 0.0148 | 0.0049 | 0.0335 |
| 6 | for B | 0.167 | 0.0635 | 0.0593 | 0.1407 | 0.0174 | 0.6000 | 0.0174 | 0.0062 | 0.0593 |
| 7 | for A | 0.143 | 0.0546 | 0.0729 | 0.1250 | 0.0156 | 0.4000 | 0.0156 | 0.0048 | 0.0213 |
| 7 | against A | 0.143 | 0.0342 | 0.0652 | 0.1117 | 0.0130 | 0.6000 | 0.0130 | 0.0037 | 0.0361 |
| 7 | A over B | 0.143 | 0.0342 | 0.0291 | 0.1117 | 0.0130 | 0.4000 | 0.0130 | 0.0037 | 0.0291 |
| 7 | for B | 0.143 | 0.0546 | 0.0516 | 0.1250 | 0.0156 | 0.6000 | 0.0156 | 0.0048 | 0.0516 |
| 8 | for A | 0.125 | 0.0479 | 0.0641 | 0.1123 | 0.0140 | 0.4000 | 0.0140 | 0.0038 | 0.0185 |
| 8 | against A | 0.125 | 0.0296 | 0.0570 | 0.0998 | 0.0116 | 0.6000 | 0.0116 | 0.0029 | 0.0313 |
| 8 | A over B | 0.125 | 0.0296 | 0.0257 | 0.0998 | 0.0116 | 0.4000 | 0.0116 | 0.0029 | 0.0257 |
| 8 | for B | 0.125 | 0.0479 | 0.0456 | 0.1123 | 0.0140 | 0.6000 | 0.0140 | 0.0038 | 0.0456 |
| 9 | for A | 0.111 | 0.0427 | 0.0573 | 0.1018 | 0.0127 | 0.4000 | 0.0127 | 0.0031 | 0.0164 |
| 9 | against A | 0.111 | 0.0261 | 0.0507 | 0.0901 | 0.0105 | 0.6000 | 0.0105 | 0.0023 | 0.0277 |
| 9 | A over B | 0.111 | 0.0261 | 0.0230 | 0.0901 | 0.0105 | 0.4000 | 0.0105 | 0.0023 | 0.0230 |
| 9 | for B | 0.111 | 0.0427 | 0.0409 | 0.1018 | 0.0127 | 0.6000 | 0.0127 | 0.0031 | 0.0409 |
| 10 | for A | 0.100 | 0.0385 | 0.0517 | 0.0931 | 0.0117 | 0.4000 | 0.0117 | 0.0025 | 0.0147 |
| 10 | against A | 0.100 | 0.0233 | 0.0456 | 0.0821 | 0.0096 | 0.6000 | 0.0096 | 0.0019 | 0.0248 |
| 10 | A over B | 0.100 | 0.0233 | 0.0208 | 0.0821 | 0.0096 | 0.4000 | 0.0096 | 0.0019 | 0.0208 |
| 10 | for B | 0.100 | 0.0385 | 0.0370 | 0.0931 | 0.0117 | 0.6000 | 0.0117 | 0.0025 | 0.0370 |

#### duplicate the LEADER class (A_lead -> A1, A2, identical links, prior halved)  (150 questions)
| objective | median |Δ|/value | 95% | max | per-question Spearman(before,after) | top-1 same | ≥.01 decision flips |
|---|---|---|---|---|---|---|---|
| eM_w | 0.522 | 0.908 | 2.471 | 0.991 | 0.90 | 153 |
| eM_hard | 0.866 | 1.433 | 236.467 | 0.823 | 0.73 | 209 |
| eTV | 0.000 | 0.000 | 0.000 | 1.000 | 1.00 | 0 |
| e|dH| | 0.440 | 2.547 | 42.396 | 0.964 | 0.82 | 150 |
| InfoGain | 0.461 | 4.203 | 189.190 | 0.683 | 0.78 | 67 |
| P(flip) | 1.000 | 1.000 | 4.588 | 0.556 | 0.56 | 225 |
| EVSI_log | 0.000 | 0.000 | 0.000 | 1.000 | 1.00 | 0 |
| EVSI_brier | 0.220 | 0.379 | 0.422 | 0.998 | 1.00 | 17 |
| EVSI_01 | 1.000 | 3.652 | 239.295 | 0.576 | 0.63 | 108 |

#### duplicate the RUNNER-UP class  (150 questions)
| objective | median |Δ|/value | 95% | max | per-question Spearman(before,after) | top-1 same | ≥.01 decision flips |
|---|---|---|---|---|---|---|---|
| eM_w | 0.249 | 1.135 | 3.627 | 0.990 | 0.92 | 72 |
| eM_hard | 0.279 | 4.412 | 235.467 | 0.971 | 0.88 | 111 |
| eTV | 0.000 | 0.000 | 0.000 | 1.000 | 1.00 | 0 |
| e|dH| | 0.306 | 4.891 | 44.154 | 0.979 | 0.84 | 126 |
| InfoGain | 0.305 | 4.912 | 205.959 | 0.862 | 0.85 | 52 |
| P(flip) | 1.000 | 1.000 | 1.000 | 0.859 | 0.75 | 83 |
| EVSI_log | 0.000 | 0.000 | 0.000 | 1.000 | 1.00 | 0 |
| EVSI_brier | 0.100 | 0.333 | 0.410 | 0.999 | 0.98 | 15 |
| EVSI_01 | 1.000 | 1.000 | 1.000 | 0.873 | 0.76 | 50 |

#### duplicate the LAST class  (150 questions)
| objective | median |Δ|/value | 95% | max | per-question Spearman(before,after) | top-1 same | ≥.01 decision flips |
|---|---|---|---|---|---|---|---|
| eM_w | 0.000 | 0.063 | 0.698 | 0.999 | 0.99 | 1 |
| eM_hard | 0.000 | 0.000 | 1.927 | 0.998 | 0.99 | 2 |
| eTV | 0.000 | 0.000 | 0.000 | 1.000 | 1.00 | 0 |
| e|dH| | 0.030 | 0.676 | 18.801 | 0.994 | 0.97 | 29 |
| InfoGain | 0.030 | 0.729 | 65.501 | 0.980 | 0.98 | 5 |
| P(flip) | 0.000 | 0.000 | 1.000 | 0.998 | 1.00 | 1 |
| EVSI_log | 0.000 | 0.000 | 0.000 | 1.000 | 1.00 | 0 |
| EVSI_brier | 0.001 | 0.321 | 0.423 | 0.999 | 0.99 | 1 |
| EVSI_01 | 0.000 | 0.000 | 1.000 | 0.998 | 1.00 | 0 |

#### add irrelevant class Z, prior 1e-3, kappa_Z=k1  (150 questions)
| objective | median |Δ|/value | 95% | max | per-question Spearman(before,after) | top-1 same | ≥.01 decision flips |
|---|---|---|---|---|---|---|---|
| eM_w | 0.003 | 0.011 | 0.269 | 1.000 | 0.99 | 1 |
| eM_hard | 0.003 | 0.014 | 0.543 | 1.000 | 0.99 | 1 |
| eTV | 0.001 | 0.016 | 0.242 | 1.000 | 1.00 | 1 |
| e|dH| | 0.026 | 0.303 | 5.661 | 0.998 | 0.97 | 15 |
| InfoGain | 0.024 | 0.316 | 16.736 | 0.985 | 0.98 | 7 |
| P(flip) | 0.000 | 0.000 | 0.000 | 1.000 | 1.00 | 0 |
| EVSI_log | 0.002 | 0.030 | 1.011 | 1.000 | 1.00 | 1 |
| EVSI_brier | 0.004 | 0.014 | 0.157 | 1.000 | 1.00 | 1 |
| EVSI_01 | 0.002 | 0.005 | 0.007 | 1.000 | 1.00 | 1 |

#### add irrelevant class Z, prior 1e-3, kappa_Z=neutral  (150 questions)
| objective | median |Δ|/value | 95% | max | per-question Spearman(before,after) | top-1 same | ≥.01 decision flips |
|---|---|---|---|---|---|---|---|
| eM_w | 0.001 | 0.002 | 0.013 | 1.000 | 1.00 | 0 |
| eM_hard | 0.001 | 0.002 | 0.069 | 1.000 | 1.00 | 1 |
| eTV | 0.001 | 0.001 | 0.016 | 1.000 | 1.00 | 1 |
| e|dH| | 0.004 | 0.040 | 0.613 | 1.000 | 0.99 | 2 |
| InfoGain | 0.005 | 0.047 | 1.231 | 0.998 | 0.99 | 2 |
| P(flip) | 0.000 | 0.000 | 0.000 | 1.000 | 1.00 | 0 |
| EVSI_log | 0.001 | 0.001 | 0.006 | 1.000 | 1.00 | 0 |
| EVSI_brier | 0.002 | 0.003 | 0.006 | 1.000 | 1.00 | 0 |
| EVSI_01 | 0.001 | 0.001 | 0.002 | 1.000 | 1.00 | 0 |

#### add irrelevant class Z, prior 1e-3, kappa_Z=k0  (150 questions)
| objective | median |Δ|/value | 95% | max | per-question Spearman(before,after) | top-1 same | ≥.01 decision flips |
|---|---|---|---|---|---|---|---|
| eM_w | 0.001 | 0.014 | 0.483 | 1.000 | 1.00 | 0 |
| eM_hard | 0.001 | 0.015 | 0.483 | 0.999 | 1.00 | 1 |
| eTV | 0.001 | 0.022 | 0.483 | 1.000 | 1.00 | 1 |
| e|dH| | 0.012 | 0.115 | 0.732 | 0.999 | 0.99 | 7 |
| InfoGain | 0.013 | 0.146 | 7.175 | 0.995 | 0.99 | 2 |
| P(flip) | 0.000 | 0.000 | 0.000 | 1.000 | 1.00 | 0 |
| EVSI_log | 0.001 | 0.016 | 0.478 | 1.000 | 1.00 | 0 |
| EVSI_brier | 0.001 | 0.005 | 0.128 | 1.000 | 1.00 | 0 |
| EVSI_01 | 0.000 | 0.001 | 0.001 | 1.000 | 1.00 | 0 |

#### relabel (random permutation of class names)  (150 questions)
| objective | median |Δ|/value | 95% | max | per-question Spearman(before,after) | top-1 same | ≥.01 decision flips |
|---|---|---|---|---|---|---|---|
| eM_w | 0.000 | 0.000 | 0.000 | 1.000 | 1.00 | 0 |
| eM_hard | 0.000 | 0.000 | 0.000 | 1.000 | 1.00 | 0 |
| eTV | 0.000 | 0.000 | 0.000 | 1.000 | 1.00 | 0 |
| e|dH| | 0.000 | 0.000 | 0.000 | 1.000 | 1.00 | 0 |
| InfoGain | 0.000 | 0.000 | 0.000 | 1.000 | 1.00 | 0 |
| P(flip) | 0.000 | 0.000 | 0.000 | 1.000 | 1.00 | 0 |
| EVSI_log | 0.000 | 0.000 | 0.000 | 1.000 | 1.00 | 0 |
| EVSI_brier | 0.000 | 0.000 | 0.000 | 1.000 | 1.00 | 0 |
| EVSI_01 | 0.000 | 0.000 | 0.000 | 1.000 | 1.00 | 0 |
