
### headline=dfquad ref=E_q claims: n=1815 nodes, 614 with ref>=eps, 84 trees>=6 cands
| variant | ratio 5% | 50% | 95% | min | max | premature | wasted | Spearman | top5 | top1 |
|---|---|---|---|---|---|---|---|---|---|---|
| T_p (today) | 0.00 | 1.00 | 2.21 | 0.00 | 698.61 | 60 | 33 | 0.869 | 0.88 | 0.80 |
| T_q | 0.43 | 1.00 | 1.33 | 0.02 | 2.25 | 26 | 8 | 0.989 | 0.98 | 0.95 |
| T_pq | 0.40 | 1.00 | 2.14 | 0.01 | 380.63 | 36 | 30 | 0.974 | 0.95 | 0.85 |
| SecChain_p | 0.00 | 1.00 | 3.63 | 0.00 | 476.07 | 50 | 49 | 0.858 | 0.88 | 0.77 |
| Sec1stHop_p | 0.00 | 1.00 | 2.18 | 0.00 | 476.07 | 43 | 32 | 0.873 | 0.89 | 0.81 |
| SecPath_p | 0.00 | 1.00 | 2.15 | 0.00 | 476.07 | 41 | 33 | 0.873 | 0.89 | 0.81 |
| SecPath_q | 0.82 | 1.00 | 1.22 | 0.14 | 1.96 | 9 | 7 | 0.995 | 0.98 | 0.94 |
| Curve9_q | 1.00 | 1.00 | 1.00 | 0.56 | 64.80 | 0 | 15 | 0.991 | 1.00 | 1.00 |
| Curve5_q | 1.00 | 1.00 | 1.02 | 0.53 | 127.26 | 1 | 30 | 0.977 | 1.00 | 1.00 |
| E_p | 0.51 | 1.00 | 2.06 | 0.01 | 259.54 | 12 | 25 | 0.982 | 0.96 | 0.89 |
| E_q | 1.00 | 1.00 | 1.00 | 1.00 | 1.00 | 0 | 0 | 1.000 | 1.00 | 1.00 |

### headline=wlo ref=E_q claims: n=1815 nodes, 396 with ref>=eps, 84 trees>=6 cands
| variant | ratio 5% | 50% | 95% | min | max | premature | wasted | Spearman | top5 | top1 |
|---|---|---|---|---|---|---|---|---|---|---|
| T_p (today) | 0.00 | 1.08 | 2.03 | 0.00 | 12.98 | 35 | 30 | 0.879 | 0.90 | 0.87 |
| T_q | 0.23 | 1.09 | 1.36 | 0.00 | 1.97 | 28 | 18 | 0.975 | 0.96 | 0.95 |
| T_pq | 0.23 | 1.09 | 1.85 | 0.00 | 7.87 | 31 | 29 | 0.972 | 0.94 | 0.89 |
| SecChain_p | 0.00 | 0.95 | 3.56 | 0.00 | 34.95 | 21 | 37 | 0.859 | 0.88 | 0.87 |
| Sec1stHop_p | 0.00 | 1.00 | 2.37 | 0.00 | 20.68 | 15 | 33 | 0.880 | 0.90 | 0.87 |
| SecPath_p | 0.00 | 1.00 | 2.34 | 0.00 | 13.31 | 14 | 35 | 0.881 | 0.90 | 0.87 |
| SecPath_q | 0.68 | 1.00 | 1.72 | 0.45 | 1.99 | 8 | 16 | 0.985 | 0.95 | 0.90 |
| Curve9_q | 0.88 | 1.00 | 3.18 | 0.30 | 22.98 | 4 | 2 | 0.882 | 0.98 | 1.00 |
| Curve5_q | 0.81 | 1.00 | 9.81 | 0.37 | 66.83 | 7 | 43 | 0.799 | 0.93 | 1.00 |
| E_p | 0.56 | 1.00 | 1.99 | 0.00 | 7.43 | 5 | 21 | 0.980 | 0.95 | 0.92 |
| E_q | 1.00 | 1.00 | 1.00 | 1.00 | 1.00 | 0 | 0 | 1.000 | 1.00 | 1.00 |

### headline=jnb ref=E_q claims: n=1815 nodes, 329 with ref>=eps, 84 trees>=6 cands
| variant | ratio 5% | 50% | 95% | min | max | premature | wasted | Spearman | top5 | top1 |
|---|---|---|---|---|---|---|---|---|---|---|
| T_p (today) | 0.00 | 1.02 | 1.79 | 0.00 | 4.90 | 15 | 19 | 0.889 | 0.91 | 0.87 |
| T_q | 0.56 | 1.02 | 1.31 | 0.10 | 1.82 | 10 | 9 | 0.988 | 0.97 | 0.95 |
| T_pq | 0.48 | 1.04 | 1.56 | 0.05 | 3.43 | 13 | 18 | 0.982 | 0.96 | 0.94 |
| SecChain_p | 0.00 | 1.00 | 2.81 | 0.00 | 11.59 | 19 | 30 | 0.880 | 0.90 | 0.82 |
| Sec1stHop_p | 0.00 | 1.00 | 2.02 | 0.00 | 7.65 | 13 | 28 | 0.887 | 0.90 | 0.82 |
| SecPath_p | 0.00 | 1.00 | 2.07 | 0.00 | 7.52 | 13 | 32 | 0.888 | 0.90 | 0.82 |
| SecPath_q | 0.77 | 1.01 | 1.42 | 0.44 | 1.93 | 7 | 12 | 0.990 | 0.97 | 0.95 |
| Curve9_q | 0.90 | 1.00 | 2.02 | 0.55 | 39.19 | 0 | 0 | 0.888 | 0.98 | 1.00 |
| Curve5_q | 0.82 | 1.00 | 6.82 | 0.47 | 192.49 | 3 | 28 | 0.814 | 0.95 | 1.00 |
| E_p | 0.54 | 1.00 | 1.73 | 0.02 | 4.22 | 5 | 16 | 0.984 | 0.96 | 0.93 |
| E_q | 1.00 | 1.00 | 1.00 | 1.00 | 1.00 | 0 | 0 | 1.000 | 1.00 | 1.00 |

### headline=woe ref=E_q claims: n=1815 nodes, 355 with ref>=eps, 84 trees>=6 cands
| variant | ratio 5% | 50% | 95% | min | max | premature | wasted | Spearman | top5 | top1 |
|---|---|---|---|---|---|---|---|---|---|---|
| T_p (today) | 0.00 | 1.01 | 2.26 | 0.00 | 6.96 | 45 | 29 | 0.807 | 0.87 | 0.81 |
| T_q | 0.00 | 1.02 | 1.90 | 0.00 | 5.48 | 43 | 22 | 0.860 | 0.91 | 0.85 |
| T_pq | 0.00 | 1.02 | 2.20 | 0.00 | 5.95 | 43 | 28 | 0.858 | 0.90 | 0.83 |
| SecChain_p | 0.00 | 0.96 | 2.89 | 0.00 | 10.14 | 24 | 32 | 0.807 | 0.87 | 0.81 |
| Sec1stHop_p | 0.00 | 1.00 | 2.47 | 0.00 | 26.08 | 12 | 35 | 0.888 | 0.90 | 0.81 |
| SecPath_p | 0.00 | 1.01 | 2.23 | 0.00 | 7.91 | 7 | 30 | 0.902 | 0.90 | 0.81 |
| SecPath_q | 0.69 | 1.01 | 1.87 | 0.32 | 2.00 | 6 | 23 | 0.990 | 0.95 | 0.90 |
| Curve9_q | 0.91 | 1.00 | 4.63 | 0.40 | 196.87 | 3 | 41 | 0.850 | 0.95 | 1.00 |
| Curve5_q | 0.84 | 1.00 | 13.00 | 0.33 | 247.59 | 7 | 95 | 0.736 | 0.90 | 0.99 |
| E_p | 0.48 | 1.00 | 1.75 | 0.00 | 4.54 | 4 | 14 | 0.968 | 0.95 | 0.92 |
| E_q | 1.00 | 1.00 | 1.00 | 1.00 | 1.00 | 0 | 0 | 1.000 | 1.00 | 1.00 |

### headline=euler ref=E_q claims: n=1815 nodes, 273 with ref>=eps, 84 trees>=6 cands
| variant | ratio 5% | 50% | 95% | min | max | premature | wasted | Spearman | top5 | top1 |
|---|---|---|---|---|---|---|---|---|---|---|
| T_p (today) | 0.00 | 1.00 | 1.31 | 0.00 | 2.59 | 1 | 7 | 0.904 | 0.93 | 0.95 |
| T_q | 0.91 | 1.00 | 1.07 | 0.76 | 1.20 | 0 | 2 | 0.998 | 0.99 | 0.99 |
| T_pq | 0.52 | 1.00 | 1.18 | 0.39 | 1.98 | 1 | 5 | 0.993 | 0.97 | 0.99 |
| SecChain_p | 0.00 | 1.00 | 1.36 | 0.00 | 2.68 | 2 | 9 | 0.902 | 0.93 | 0.95 |
| Sec1stHop_p | 0.00 | 1.00 | 1.26 | 0.00 | 2.55 | 2 | 8 | 0.903 | 0.93 | 0.95 |
| SecPath_p | 0.00 | 1.00 | 1.26 | 0.00 | 2.63 | 2 | 8 | 0.903 | 0.93 | 0.95 |
| SecPath_q | 0.93 | 1.00 | 1.08 | 0.80 | 1.24 | 1 | 2 | 0.998 | 0.99 | 0.99 |
| Curve9_q | 0.92 | 1.00 | 1.07 | 0.45 | 2.89 | 0 | 0 | 0.923 | 0.98 | 1.00 |
| Curve5_q | 0.85 | 1.00 | 1.46 | 0.50 | 8.74 | 0 | 0 | 0.889 | 0.97 | 1.00 |
| E_p | 0.52 | 1.00 | 1.18 | 0.38 | 1.99 | 1 | 4 | 0.994 | 0.98 | 0.99 |
| E_q | 1.00 | 1.00 | 1.00 | 1.00 | 1.00 | 0 | 0 | 1.000 | 1.00 | 1.00 |

### headline=qe ref=E_q claims: n=1815 nodes, 448 with ref>=eps, 84 trees>=6 cands
| variant | ratio 5% | 50% | 95% | min | max | premature | wasted | Spearman | top5 | top1 |
|---|---|---|---|---|---|---|---|---|---|---|
| T_p (today) | 0.00 | 1.01 | 1.45 | 0.00 | 4.24 | 52 | 12 | 0.875 | 0.89 | 0.81 |
| T_q | 0.23 | 1.02 | 1.30 | 0.00 | 1.95 | 35 | 9 | 0.973 | 0.97 | 0.89 |
| T_pq | 0.23 | 1.02 | 1.40 | 0.00 | 3.07 | 40 | 12 | 0.970 | 0.94 | 0.85 |
| SecChain_p | 0.00 | 0.95 | 2.47 | 0.00 | 16.56 | 37 | 23 | 0.878 | 0.90 | 0.90 |
| Sec1stHop_p | 0.00 | 1.00 | 1.60 | 0.00 | 5.64 | 25 | 14 | 0.890 | 0.90 | 0.90 |
| SecPath_p | 0.00 | 1.00 | 1.58 | 0.00 | 3.55 | 24 | 15 | 0.891 | 0.91 | 0.90 |
| SecPath_q | 0.76 | 1.00 | 1.45 | 0.22 | 1.96 | 9 | 12 | 0.990 | 0.98 | 0.95 |
| Curve9_q | 0.88 | 1.00 | 2.71 | 0.43 | 48.55 | 0 | 0 | 0.915 | 0.98 | 1.00 |
| Curve5_q | 0.85 | 1.00 | 9.62 | 0.33 | 134.89 | 4 | 35 | 0.849 | 0.96 | 1.00 |
| E_p | 0.58 | 1.00 | 1.27 | 0.01 | 3.08 | 8 | 7 | 0.992 | 0.97 | 0.92 |
| E_q | 1.00 | 1.00 | 1.00 | 1.00 | 1.00 | 0 | 0 | 1.000 | 1.00 | 1.00 |

### headline=mlp ref=E_q claims: n=1815 nodes, 336 with ref>=eps, 84 trees>=6 cands
| variant | ratio 5% | 50% | 95% | min | max | premature | wasted | Spearman | top5 | top1 |
|---|---|---|---|---|---|---|---|---|---|---|
| T_p (today) | 0.00 | 1.00 | 1.47 | 0.00 | 4.39 | 7 | 13 | 0.907 | 0.92 | 0.92 |
| T_q | 0.89 | 1.00 | 1.08 | 0.76 | 1.20 | 2 | 1 | 0.997 | 0.99 | 1.00 |
| T_pq | 0.53 | 1.00 | 1.31 | 0.39 | 2.88 | 3 | 11 | 0.992 | 0.97 | 0.95 |
| SecChain_p | 0.00 | 1.00 | 1.52 | 0.00 | 3.96 | 6 | 16 | 0.904 | 0.91 | 0.89 |
| Sec1stHop_p | 0.00 | 1.00 | 1.42 | 0.00 | 3.90 | 6 | 10 | 0.907 | 0.92 | 0.89 |
| SecPath_p | 0.00 | 1.00 | 1.41 | 0.00 | 3.97 | 6 | 11 | 0.907 | 0.92 | 0.89 |
| SecPath_q | 0.92 | 1.00 | 1.10 | 0.80 | 1.24 | 4 | 4 | 0.997 | 1.00 | 0.95 |
| Curve9_q | 0.91 | 1.00 | 1.12 | 0.54 | 2.79 | 0 | 0 | 0.947 | 1.00 | 1.00 |
| Curve5_q | 0.85 | 1.00 | 1.80 | 0.49 | 14.05 | 2 | 1 | 0.906 | 0.99 | 1.00 |
| E_p | 0.53 | 1.00 | 1.28 | 0.38 | 2.84 | 2 | 10 | 0.993 | 0.97 | 0.94 |
| E_q | 1.00 | 1.00 | 1.00 | 1.00 | 1.00 | 0 | 0 | 1.000 | 1.00 | 1.00 |
