
### headline=consensus ref=E_q claims: n=3873 nodes, 793 with ref>=eps, 172 trees>=6 cands
| variant | ratio 5% | 50% | 95% | min | max | premature | wasted | Spearman | top5 | top1 |
|---|---|---|---|---|---|---|---|---|---|---|
| T_p (today) | 0.00 | 1.02 | 1.83 | 0.00 | 7.19 | 54 | 46 | 0.883 | 0.91 | 0.87 |
| T_q | 0.42 | 1.03 | 1.39 | 0.02 | 2.63 | 33 | 25 | 0.980 | 0.97 | 0.97 |
| T_pq | 0.38 | 1.03 | 1.68 | 0.01 | 5.29 | 43 | 40 | 0.977 | 0.95 | 0.94 |
| SecChain_p | 0.00 | 0.98 | 3.09 | 0.00 | 15.08 | 54 | 63 | 0.871 | 0.89 | 0.81 |
| Sec1stHop_p | 0.00 | 1.00 | 1.99 | 0.00 | 15.03 | 36 | 46 | 0.886 | 0.90 | 0.81 |
| SecPath_p | 0.00 | 1.00 | 1.96 | 0.00 | 15.06 | 38 | 46 | 0.887 | 0.91 | 0.81 |
| SecPath_q | 0.73 | 1.01 | 1.60 | 0.48 | 1.98 | 20 | 37 | 0.986 | 0.95 | 0.94 |
| Curve9_q | 0.85 | 1.00 | 4.01 | 0.35 | 67.93 | 4 | 6 | 0.876 | 0.97 | 1.00 |
| Curve5_q | 0.82 | 1.00 | 12.54 | 0.37 | 191.11 | 8 | 149 | 0.810 | 0.93 | 1.00 |
| E_p | 0.53 | 1.00 | 1.58 | 0.00 | 7.78 | 20 | 27 | 0.985 | 0.97 | 0.88 |
| E_q | 1.00 | 1.00 | 1.00 | 1.00 | 1.00 | 0 | 0 | 1.000 | 1.00 | 1.00 |

### headline=consensus ref=E_p claims: n=3873 nodes, 800 with ref>=eps, 172 trees>=6 cands
| variant | ratio 5% | 50% | 95% | min | max | premature | wasted | Spearman | top5 | top1 |
|---|---|---|---|---|---|---|---|---|---|---|
| T_p (today) | 0.00 | 1.01 | 1.53 | 0.00 | 3.25 | 46 | 31 | 0.910 | 0.92 | 0.84 |
| T_q | 0.37 | 1.03 | 1.93 | 0.00 | 4.17 | 51 | 36 | 0.976 | 0.94 | 0.87 |
| T_pq | 0.46 | 1.03 | 1.50 | 0.02 | 2.76 | 41 | 31 | 0.981 | 0.95 | 0.87 |
| SecChain_p | 0.00 | 0.99 | 2.48 | 0.00 | 11.42 | 39 | 41 | 0.902 | 0.91 | 0.91 |
| Sec1stHop_p | 0.00 | 1.00 | 1.54 | 0.00 | 2.68 | 23 | 26 | 0.916 | 0.93 | 0.91 |
| SecPath_p | 0.00 | 1.00 | 1.53 | 0.00 | 1.97 | 24 | 25 | 0.917 | 0.93 | 0.91 |
| SecPath_q | 0.63 | 1.00 | 1.77 | 0.22 | 41.16 | 34 | 44 | 0.972 | 0.95 | 0.90 |
| Curve9_q | 0.61 | 1.00 | 4.38 | 0.13 | 67.93 | 31 | 26 | 0.865 | 0.95 | 0.88 |
| Curve5_q | 0.63 | 1.04 | 14.03 | 0.13 | 191.11 | 33 | 167 | 0.802 | 0.92 | 0.88 |
| E_p | 1.00 | 1.00 | 1.00 | 1.00 | 1.00 | 0 | 0 | 1.000 | 1.00 | 1.00 |
| E_q | 0.61 | 1.00 | 1.60 | 0.13 | 21.77 | 27 | 20 | 0.985 | 0.97 | 0.88 |

### headline=consensus ref=E_s LINKS: n=3873 nodes, 772 with ref>=eps, 172 trees>=6 cands
| variant | ratio 5% | 50% | 95% | min | max | premature | wasted | Spearman | top5 | top1 |
|---|---|---|---|---|---|---|---|---|---|---|
| T_s (today) | 0.44 | 1.09 | 2.20 | 0.00 | 5.62 | 43 | 57 | 0.979 | 0.93 | 0.89 |
| SecPath_s | 0.84 | 1.02 | 1.43 | 0.56 | 1.82 | 9 | 26 | 0.994 | 0.99 | 0.94 |
| Curve9_s | 0.89 | 1.00 | 3.45 | 0.45 | 46.93 | 5 | 8 | 0.852 | 0.97 | 0.99 |
| E_s | 1.00 | 1.00 | 1.00 | 1.00 | 1.00 | 0 | 0 | 1.000 | 1.00 | 1.00 |
