
## headline=consensus: premature T_p (today) vs E_q, by cause
  {'leaf, p interior': 14, 'interior, p in {0,1}': 12, 'interior, p interior': 22, 'leaf, p in {0,1}': 6}
  T_q premature by kind: {'leaf': 15, 'interior': 18}
  hybrid confirm band T_q<1eps: exact evaluations needed for 3088/3873 candidates (80%); residual premature 0 (was 33)
  hybrid confirm band T_q<2eps: exact evaluations needed for 3272/3873 candidates (84%); residual premature 0 (was 33)
  hybrid confirm band T_q<3eps: exact evaluations needed for 3379/3873 candidates (87%); residual premature 0 (was 33)
  T_q ranks, exact E_q re-ranks top-1: top-1 = exact top-1 in 97% of trees
  T_q ranks, exact E_q re-ranks top-3: top-1 = exact top-1 in 100% of trees
  T_q ranks, exact E_q re-ranks top-5: top-1 = exact top-1 in 100% of trees
  T_q ranks, exact E_q re-ranks top-10: top-1 = exact top-1 in 100% of trees

## headline=woe: premature T_p (today) vs E_q, by cause
  {'leaf, p interior': 27, 'interior, p interior': 15, 'leaf, p in {0,1}': 1, 'interior, p in {0,1}': 2}
  T_q premature by kind: {'leaf': 27, 'interior': 16}
  hybrid confirm band T_q<1eps: exact evaluations needed for 1481/1815 candidates (82%); residual premature 0 (was 43)
  hybrid confirm band T_q<2eps: exact evaluations needed for 1557/1815 candidates (86%); residual premature 0 (was 43)
  hybrid confirm band T_q<3eps: exact evaluations needed for 1610/1815 candidates (89%); residual premature 0 (was 43)
  T_q ranks, exact E_q re-ranks top-1: top-1 = exact top-1 in 85% of trees
  T_q ranks, exact E_q re-ranks top-3: top-1 = exact top-1 in 94% of trees
  T_q ranks, exact E_q re-ranks top-5: top-1 = exact top-1 in 96% of trees
  T_q ranks, exact E_q re-ranks top-10: top-1 = exact top-1 in 99% of trees

## headline=dfquad: premature T_p (today) vs E_q, by cause
  {'interior, p in {0,1}': 20, 'interior, p interior': 16, 'leaf, p interior': 19, 'leaf, p in {0,1}': 5}
  T_q premature by kind: {'interior': 8, 'leaf': 18}
  hybrid confirm band T_q<1eps: exact evaluations needed for 1219/1815 candidates (67%); residual premature 0 (was 26)
  hybrid confirm band T_q<2eps: exact evaluations needed for 1360/1815 candidates (75%); residual premature 0 (was 26)
  hybrid confirm band T_q<3eps: exact evaluations needed for 1443/1815 candidates (80%); residual premature 0 (was 26)
  T_q ranks, exact E_q re-ranks top-1: top-1 = exact top-1 in 95% of trees
  T_q ranks, exact E_q re-ranks top-3: top-1 = exact top-1 in 99% of trees
  T_q ranks, exact E_q re-ranks top-5: top-1 = exact top-1 in 100% of trees
  T_q ranks, exact E_q re-ranks top-10: top-1 = exact top-1 in 100% of trees

## cost per full refresh, consensus headline (evaluate() calls)
  mean nodes/tree 13.9; today's sensitivity layer full recompute 361 evals/tree; exact E_q for EVERY candidate 201 evals/tree (15.5 per candidate)

## p vs q: interior nodes whose credence q differs from Jev's plausibility p (consensus headline)
  Jev-certain claim (p=1) under a decisive attack: p=1.0 q=0.949  T_p(today)=0.0000 T_q=0.0288 E_p=0.0196 E_q=0.0496
     E[root after] - root now: under p +0.0098, under q -0.0062
  open claim (p=.5) with a decisive support below: p=0.5 q=0.849  T_p(today)=0.3000 T_q=0.1536 E_p=0.3155 E_q=0.1456
     E[root after] - root now: under p -0.1216, under q -0.0114
  bug's interior case (p=.2, strong support below): p=0.2 q=0.573  T_p(today)=0.2146 T_q=0.3281 E_p=0.3922 E_q=0.3161
     E[root after] - root now: under p -0.1503, under q -0.0268

## regression cases (Kotlin tests)
  [clamp] root .5 <-sup s=1- top(p=.6) <-sup s=.95- leaf(p=.5), headline woe: top per-layer woe=0.765; today 0.0000 T_q 0.0000 E_q 0.0590
  [over-rate] root .5 <-sup s=.9- leaf(p=.5), headline woe: today 0.4328 E_q 0.3092
  [p-vs-q] root .5 <-sup s=.75- a(p=1) <-att s=1- b(p=.9), headline woe: q_a=0.959 today 0.0000 E_q 0.0254
  [clamp] root .5 <-sup s=1- top(p=.6) <-sup s=.95- leaf(p=.5), headline consensus: top per-layer woe=0.765; today 0.0651 T_q 0.0651 E_q 0.0822
  [over-rate] root .5 <-sup s=.9- leaf(p=.5), headline consensus: today 0.3793 E_q 0.3445
  [p-vs-q] root .5 <-sup s=.75- a(p=1) <-att s=1- b(p=.9), headline consensus: q_a=0.949 today 0.0000 E_q 0.0496
