### S0 K=2: max |objective - binary exact E_q| over 2932 nodes (consensus headline vs log-pool)
 eM_hard: 6.7e-16, eM_w(t=1): 6.7e-16, eM_w(t=.5): 6.7e-16, eSM(t=.1): 1.8e-01, eTV: 6.7e-16, e|dH|: 3.3e-01, InfoGain: 3.3e-01, P(flip): 7.8e-01

### S1 exact 5-way tie (bead c5b), claims for A, B, E; s(E) x(1-1e-06)
 s = {A:0.200, B:0.200, C:0.200, D:0.200, E:0.200} leader=C
| candidate | eM_hard | eM_w(t=1) | eM_w(t=.5) | eSM(t=.1) | eTV | e|dH| | InfoGain | P(flip) |
|---|---|---|---|---|---|---|---|---|
| for A | 0.0811 | 0.0852 | 0.0852 | 0.0741 | 0.1674 | 0.0245 | 0.0245 | 1.0000 |
| for B | 0.0811 | 0.0852 | 0.0852 | 0.0741 | 0.1674 | 0.0245 | 0.0245 | 1.0000 |
| for E | 0.0811 | 0.0852 | 0.0852 | 0.0741 | 0.1674 | 0.0245 | 0.0245 | 1.0000 |

### S1 exact 5-way tie (bead c5b), claims for A, B, E; s(E) x(1+0)
 s = {A:0.200, B:0.200, C:0.200, D:0.200, E:0.200} leader=C
| candidate | eM_hard | eM_w(t=1) | eM_w(t=.5) | eSM(t=.1) | eTV | e|dH| | InfoGain | P(flip) |
|---|---|---|---|---|---|---|---|---|
| for A | 0.0811 | 0.0852 | 0.0852 | 0.0741 | 0.1674 | 0.0245 | 0.0245 | 1.0000 |
| for B | 0.0811 | 0.0852 | 0.0852 | 0.0741 | 0.1674 | 0.0245 | 0.0245 | 1.0000 |
| for E | 0.0811 | 0.0852 | 0.0852 | 0.0741 | 0.1674 | 0.0245 | 0.0245 | 1.0000 |

### S1 exact 5-way tie (bead c5b), claims for A, B, E; s(E) x(1+1e-06)
 s = {A:0.200, B:0.200, C:0.200, D:0.200, E:0.200} leader=E
| candidate | eM_hard | eM_w(t=1) | eM_w(t=.5) | eSM(t=.1) | eTV | e|dH| | InfoGain | P(flip) |
|---|---|---|---|---|---|---|---|---|
| for A | 0.0793 | 0.0852 | 0.0852 | 0.0741 | 0.1674 | 0.0245 | 0.0245 | 0.5000 |
| for B | 0.0793 | 0.0852 | 0.0852 | 0.0741 | 0.1674 | 0.0245 | 0.0245 | 0.5000 |
| for E | 0.1055 | 0.0852 | 0.0852 | 0.0741 | 0.1674 | 0.0245 | 0.0245 | 0.5000 |

### S2 K=10 near-uniform s (A +1%)
 s = {A:0.101, B:0.100, C:0.100, D:0.100, E:0.100, F:0.100, G:0.100, H:0.100, I:0.100, J:0.100} leader=A
| candidate | eM_hard | eM_w(t=1) | eM_w(t=.5) | eSM(t=.1) | eTV | e|dH| | InfoGain | P(flip) |
|---|---|---|---|---|---|---|---|---|
| for leader A | 0.0604 | 0.0468 | 0.0468 | 0.0452 | 0.1088 | 0.0175 | 0.0175 | 0.5000 |
| for J | 0.0444 | 0.0456 | 0.0456 | 0.0435 | 0.1079 | 0.0171 | 0.0171 | 0.5000 |
| against leader A | 0.0471 | 0.0240 | 0.0240 | 0.0144 | 0.0848 | 0.0107 | 0.0107 | 0.5000 |
| rules out J | 0.0208 | 0.0230 | 0.0230 | 0.0125 | 0.0840 | 0.0107 | 0.0107 | 0.5000 |

### S3 3-way near tie A>B>C + tail D,E: broad claims
 s = {A:0.300, B:0.295, C:0.290, D:0.060, E:0.055} leader=A
| candidate | eM_hard | eM_w(t=1) | eM_w(t=.5) | eSM(t=.1) | eTV | e|dH| | InfoGain | P(flip) |
|---|---|---|---|---|---|---|---|---|
| for A | 0.1534 | 0.1270 | 0.1305 | 0.1129 | 0.2106 | 0.0499 | 0.0422 | 0.5000 |
| broad: rules out C (A,B both up) | 0.0405 | 0.0629 | 0.0642 | 0.0296 | 0.1664 | 0.0137 | 0.0137 | 0.5000 |
| broad: A or B only | 0.0393 | 0.0645 | 0.0649 | 0.0285 | 0.2059 | 0.0697 | 0.0390 | 0.5000 |
| rules out B (A-vs-B) | 0.0603 | 0.0831 | 0.0853 | 0.0520 | 0.2001 | 0.0212 | 0.0212 | 0.5000 |
| tail-only: rules out E | 0.0001 | 0.0019 | 0.0005 | 0.0001 | 0.0402 | 0.0338 | 0.0105 | 0.0000 |

### S4 clear leader A=.7; tail-only discriminators
 s = {A:0.700, B:0.100, C:0.100, D:0.050, E:0.050} leader=A
| candidate | eM_hard | eM_w(t=1) | eM_w(t=.5) | eSM(t=.1) | eTV | e|dH| | InfoGain | P(flip) |
|---|---|---|---|---|---|---|---|---|
| rules out E | 0.0371 | 0.0369 | 0.0369 | 0.0371 | 0.0889 | 0.0829 | -0.0157 | 0.0000 |
| rules out D | 0.0371 | 0.0369 | 0.0369 | 0.0371 | 0.0889 | 0.0829 | -0.0157 | 0.0000 |
| rules out leader A | 0.2277 | 0.2249 | 0.2274 | 0.2277 | 0.3416 | 0.3602 | 0.0202 | 0.0000 |

### S5 K=3 near tie, graded multi-class claim
 s = {A:0.340, B:0.330, C:0.330} leader=A
| candidate | eM_hard | eM_w(t=1) | eM_w(t=.5) | eSM(t=.1) | eTV | e|dH| | InfoGain | P(flip) |
|---|---|---|---|---|---|---|---|---|
| graded A:1 B:.5 C:0 | 0.1477 | 0.1229 | 0.1232 | 0.0875 | 0.2114 | 0.0289 | 0.0289 | 0.5000 |
| for B | 0.1624 | 0.1721 | 0.1720 | 0.1470 | 0.2610 | 0.0418 | 0.0418 | 0.5000 |
| rules out A (s=.6) | 0.0869 | 0.0485 | 0.0489 | 0.0144 | 0.1158 | 0.0086 | 0.0086 | 0.5000 |

### S6 continuity through a 3-way tie (A,B,E tied, C,D lower); s(E) scaled by (1+d)
| d | leader | cand | eM_hard | eM_w(t=1) | eM_w(t=.5) | eSM(t=.1) |
|---|---|---|---|---|---|---|
| -0.001 | A | for A | 0.1447 | 0.1107 | 0.1132 | 0.1008 |
| -0.001 | A | for E | 0.1005 | 0.1105 | 0.1130 | 0.1006 |
| -1e-06 | A | for A | 0.1446 | 0.1106 | 0.1132 | 0.1008 |
| -1e-06 | A | for E | 0.1006 | 0.1106 | 0.1132 | 0.1008 |
| +1e-06 | E | for A | 0.1006 | 0.1106 | 0.1132 | 0.1008 |
| +1e-06 | E | for E | 0.1446 | 0.1106 | 0.1132 | 0.1008 |
| +0.001 | E | for A | 0.1006 | 0.1106 | 0.1131 | 0.1006 |
| +0.001 | E | for E | 0.1447 | 0.1107 | 0.1133 | 0.1009 |

### random categorical trees (n=10258 nodes, 250 questions, K in 3/5/8): approximations of exact eM_w(t=1)
| variant | ratio 5% | 50% | 95% | min | premature@.01 | wasted | Spearman | top5 |
|---|---|---|---|---|---|---|---|---|
| tan_eMw | 0.35 | 1.03 | 1.41 | 0.01 | 71 | 61 | 0.986 | 0.93 |
| lin_eMw | 0.56 | 1.00 | 1.34 | 0.02 | 13 | 32 | 0.990 | 0.97 |

### agreement of each exact objective with eM_w(t=1) (per-question Spearman / top-5 overlap)
| objective | Spearman | top5 | top1 |
|---|---|---|---|
| eM_hard | 0.993 | 0.96 | 0.93 |
| eM_w(t=1) | 1.000 | 1.00 | 1.00 |
| eM_w(t=.5) | 0.998 | 0.98 | 0.96 |
| eSM(t=.1) | 0.993 | 0.95 | 0.92 |
| eTV | 0.989 | 0.93 | 0.90 |
| e|dH| | 0.962 | 0.85 | 0.68 |
| InfoGain | 0.126 | 0.57 | 0.56 |
| P(flip) | 0.749 | 0.42 | 0.37 |
