## C4 K=2: today's |g|4p(1-p) vs eM (margin M=2*root-1) exact vs linearised
| case | p | c_node | today |g|4p(1-p) | eM lin Δ=r-p | eM lin Δ=r-c | eM EXACT (r-c) |
|---|---|---|---|---|---|---|---|
| depth1 s=.5 | 0.5 | 0.500 | 0.0389 | 0.0389 | 0.0389 | 0.0379 |
| depth1 s=.5 | 0.2 | 0.200 | 0.0239 | 0.0239 | 0.0239 | 0.0236 |
| depth1 s=.5 | 0.9 | 0.900 | 0.0138 | 0.0138 | 0.0138 | 0.0137 |
| depth1 s=.9 | 0.5 | 0.500 | 0.1241 | 0.1241 | 0.1241 | 0.0884 |
| depth1 s=.9 | 0.2 | 0.200 | 0.0805 | 0.0805 | 0.0805 | 0.0658 |
| depth1 s=.9 | 0.9 | 0.900 | 0.0119 | 0.0119 | 0.0119 | 0.0225 |
| depth3 s=.9 | 0.5 | 0.500 | 0.0034 | 0.0034 | 0.0034 | 0.0031 |
| depth3 s=.9 | 0.2 | 0.200 | 0.0028 | 0.0028 | 0.0028 | 0.0021 |
| depth3 s=.9 | 0.9 | 0.900 | 0.0006 | 0.0006 | 0.0006 | 0.0008 |
| depth2 s=1 midbase .95 (woe clamp) | 0.5 | 0.500 | 0.0001 | 0.0001 | 0.0001 | 0.0001 |
| depth2 s=1 midbase .95 (woe clamp) | 0.2 | 0.200 | 0.0001 | 0.0001 | 0.0001 | 0.0001 |
| depth2 s=1 midbase .95 (woe clamp) | 0.9 | 0.900 | 0.0000 | 0.0000 | 0.0000 | 0.0000 |
| depth1 attack s=.9 | 0.5 | 0.500 | 0.1782 | 0.1782 | 0.1782 | 0.1477 |
| depth1 attack s=.9 | 0.2 | 0.200 | 0.1023 | 0.1023 | 0.1023 | 0.0943 |
| depth1 attack s=.9 | 0.9 | 0.900 | 0.0286 | 0.0286 | 0.0286 | 0.0413 |

### interior node whose credence != its plausibility (p=0.2 judged, strong support below)
p=0.2 c(consensus)=0.573 today=0.2146 eM_lin(r-c)=0.3647 eM_exact=0.3922

## C5 eM pathologies (LL-woe, closed world unless noted)
(a) 5-way tie s=[0.236, 0.176, 0.176, 0.176, 0.236] leader(tie-break)=A: eM(for A)=0.1821 eM(for E)=0.1821
    prior E +0.0001 -> leader=E: eM(for A)=0.1822 eM(for E)=0.1822  (discontinuous in s)
(b) K=10 near-uniform: eM for-leader=0.0783 for-J=0.0633 against-leader=0.0181
(c) open world, 3 strong pros+3 strong cons on a 50/50 binary, LL-woe: A=0.310 B=0.310 Omega=0.379 (binary layer: 0.5 tie)
(c) open world, 3 strong pros+3 strong cons on a 50/50 binary, LL-mlp: A=0.319 B=0.319 Omega=0.362 (binary layer: 0.5 tie)

## C6 closed-frame TBM m(empty) on routine MECE debates (all claims coherent with a normal answer)
  m(∅)=0.360  one pro-A (.6) + one pro-B (.6): ordinary two-sided
  m(∅)=0.420  pro-A x2 (.6) + pro-B (.5)
  m(∅)=0.648  one pro each for A,B,C (.6)
  m(∅)=0.480  pro-A .8 + 'rules out A' .6 (plain contested)
  m(∅)=0.000  rules out B .6 + rules out C .6 (consistent, points to A)
  m(∅)=0.262  reference: (iii-c) each of X,Y,Z ruled out .64 (none-of-these)
  K=2 identity: m(∅) = probsum(sup)*probsum(att) -> nonzero on EVERY two-sided binary node
