
### S3d three eliminated, implausible V (p=.02) un-objected
prior: plaus={'X': 0.3, 'Y': 0.3, 'Z': 0.3, 'V': 0.02} bL=0.9 (Ω first impression 0.10)
| candidate | X | Y | Z | V | Ω |
|---|---|---|---|---|---|
| O-flat-resid | 0.239 | 0.239 | 0.239 | 0.057 | 0.228 |
| O-flat | 0.224 | 0.224 | 0.224 | 0.053 | 0.273 |
| N-0.5 | 0.256 | 0.256 | 0.256 | 0.061 | 0.170 |
| B1-kappaΩ [β0] | 0.224 | 0.224 | 0.224 | 0.053 | 0.273 |
| T-TBM-open | 0.178 | 0.178 | 0.178 | 0.366 | 0.100 |
| A0-hurdle | 0.278 | 0.278 | 0.278 | 0.066 | 0.100 |
| H-hurdle+D [β0] | 0.278 | 0.278 | 0.278 | 0.066 | 0.100 |
| H-hurdle+D± [β0] | 0.278 | 0.278 | 0.278 | 0.066 | 0.100 |

### S3e + moderate absolute objection to V (e=.36)
prior: plaus={'X': 0.3, 'Y': 0.3, 'Z': 0.3, 'V': 0.02} bL=0.9 (Ω first impression 0.10)
| candidate | X | Y | Z | V | Ω |
|---|---|---|---|---|---|
| O-flat-resid | 0.244 | 0.244 | 0.244 | 0.033 | 0.233 |
| O-flat | 0.230 | 0.230 | 0.230 | 0.031 | 0.280 |
| N-0.5 | 0.264 | 0.264 | 0.264 | 0.036 | 0.172 |
| B1-kappaΩ [β0] | 0.230 | 0.230 | 0.230 | 0.031 | 0.280 |
| T-TBM-open | 0.182 | 0.182 | 0.182 | 0.234 | 0.221 |
| A0-hurdle | 0.287 | 0.287 | 0.287 | 0.039 | 0.100 |
| H-hurdle+D [β0] | 0.265 | 0.265 | 0.265 | 0.036 | 0.168 |
| H-hurdle+D± [β0] | 0.265 | 0.265 | 0.265 | 0.036 | 0.168 |

| candidate | P(Ω) S3d | P(Ω) S3e | exact VoI on P(Ω) of the prospective V-objection (resolve c to 1/0 w.p. .6) |
|---|---|---|---|
| O-flat-resid | 0.228 | 0.233 | 0.004 |
| O-flat | 0.273 | 0.280 | 0.004 |
| N-0.5 | 0.170 | 0.172 | 0.001 |
| B1-kappaΩ | 0.273 | 0.280 | 0.004 |
| T-TBM-open | 0.100 | 0.221 | 0.097 |
| A0-hurdle | 0.100 | 0.100 | 0.000 |
| H-hurdle+D | 0.100 | 0.168 | 0.068 |
| H-hurdle+D± | 0.100 | 0.168 | 0.068 |
